=== Mini NPU Simulator ===

[모드 선택]
1. 사용자 입력 (3x3)
2. data.json 분석
선택: 
#----------------------------------------
# [1] 필터 로드
#----------------------------------------
✓ size_5 필터 로드 완료 (Cross, X)
✓ size_13 필터 로드 완료 (Cross, X)
✓ size_25 필터 로드 완료 (Cross, X)

#----------------------------------------
# [2] 패턴 분석
#----------------------------------------

--- size_5_1 ---
Cross 점수: 9.0
X 점수: 1.0
판정: Cross | expected: Cross | PASS

--- size_5_2 ---
Cross 점수: 1.0
X 점수: 9.0
판정: X | expected: X | PASS

--- size_13_1 ---
Cross 점수: 25.0
X 점수: 1.0
판정: Cross | expected: Cross | PASS

--- size_13_2 ---
Cross 점수: 1.0
X 점수: 25.0
판정: X | expected: X | PASS

--- size_25_1 ---
Cross 점수: 49.0
X 점수: 1.0
판정: Cross | expected: Cross | PASS

--- size_25_2 ---
Cross 점수: 1.0
X 점수: 49.0
판정: X | expected: X | PASS

#----------------------------------------
# 성능 분석 (평균/10회)
#----------------------------------------

크기        평균 시간(ms)           연산 횟수
---------------------------------------------
3x3      0.000508            9
5x5      0.000926            25
13x13     0.004878            169
25x25     0.018209            625

#----------------------------------------
# [4] 결과 요약
#----------------------------------------
총 테스트: 6개
통과: 6개
실패: 0개

모든 테스트를 통과했습니다.
